2026-09-06 22:11:09.906: [INFO] CurrentProfilePath: C:\Users\coltm\OneDrive\Desktop\agapp\bin\Release\net8.0-windows\AgApp.exe.WebView2\EBWebView\Default
2026-09-06 22:11:09.906: [INFO] Profiles total count: 1
2026-09-06 22:11:09.906: [INFO] Profile: name=Profile 1 path=C:\Users\coltm\OneDrive\Desktop\agapp\bin\Release\net8.0-windows\AgApp.exe.WebView2\EBWebView\Default lastActive=null
2026-09-06 22:11:09.906: [INFO] LastUsedProfileDir: C:\Users\coltm\OneDrive\Desktop\agapp\bin\Release\net8.0-windows\AgApp.exe.WebView2\EBWebView\Default
2026-09-06 22:11:09.906: [INFO] OnDoneLoading sync enabled: 0
2026-09-06 22:11:09.906: [INFO] BookmarkModelLoaded, ids_reassigned: 0
2026-09-06 22:11:09.906: [INFO] BookmarksLoadDropped droppedNodes=0
2026-09-06 22:11:09.906: [INFO] BookmarksSnapshot Startup total=0 bar=0 other=0 mobile=0 showBar=0 showBarNTP=1
2026-09-06 22:24:23.777: [INFO] BookmarksSnapshot Shutdown total=0 bar=0 other=0 mobile=0 showBar=0 showBarNTP=1
2026-09-06 22:28:28.767: [INFO] CurrentProfilePath: C:\Users\coltm\OneDrive\Desktop\agapp\bin\Release\net8.0-windows\AgApp.exe.WebView2\EBWebView\Default
2026-09-06 22:28:28.767: [INFO] Profiles total count: 1
2026-09-06 22:28:28.767: [INFO] Profile: name=Profile 1 path=C:\Users\coltm\OneDrive\Desktop\agapp\bin\Release\net8.0-windows\AgApp.exe.WebView2\EBWebView\Default lastActive=2026-09-06T22:13:36.424Z
2026-09-06 22:28:28.767: [INFO] LastUsedProfileDir: C:\Users\coltm\OneDrive\Desktop\agapp\bin\Release\net8.0-windows\AgApp.exe.WebView2\EBWebView\Default
2026-09-06 22:28:28.767: [INFO] MostRecentlyActiveProfile: name=Profile 1 path=C:\Users\coltm\OneDrive\Desktop\agapp\bin\Release\net8.0-windows\AgApp.exe.WebView2\EBWebView\Default lastActive=2026-09-06T22:13:36.424Z
2026-09-06 22:28:28.767: [INFO] OnDoneLoading sync enabled: 0
2026-09-06 22:28:28.767: [INFO] BookmarkModelLoaded, ids_reassigned: 0
2026-09-06 22:28:28.767: [INFO] BookmarksLoadDropped droppedNodes=0
2026-09-06 22:28:28.767: [INFO] BookmarksSnapshot Startup total=0 bar=0 other=0 mobile=0 showBar=0 showBarNTP=1
2026-09-06 22:28:32.143: [INFO] BookmarksSnapshot Shutdown total=0 bar=0 other=0 mobile=0 showBar=0 showBarNTP=1
2026-09-06 22:29:18.628: [INFO] CurrentProfilePath: C:\Users\coltm\OneDrive\Desktop\agapp\bin\Release\net8.0-windows\AgApp.exe.WebView2\EBWebView\Default
2026-09-06 22:29:18.628: [INFO] Profiles total count: 1
2026-09-06 22:29:18.628: [INFO] Profile: name=Profile 1 path=C:\Users\coltm\OneDrive\Desktop\agapp\bin\Release\net8.0-windows\AgApp.exe.WebView2\EBWebView\Default lastActive=2026-09-06T22:13:36.424Z
2026-09-06 22:29:18.628: [INFO] LastUsedProfileDir: C:\Users\coltm\OneDrive\Desktop\agapp\bin\Release\net8.0-windows\AgApp.exe.WebView2\EBWebView\Default
2026-09-06 22:29:18.628: [INFO] MostRecentlyActiveProfile: name=Profile 1 path=C:\Users\coltm\OneDrive\Desktop\agapp\bin\Release\net8.0-windows\AgApp.exe.WebView2\EBWebView\Default lastActive=2026-09-06T22:13:36.424Z
2026-09-06 22:29:18.628: [INFO] OnDoneLoading sync enabled: 0
2026-09-06 22:29:18.628: [INFO] BookmarkModelLoaded, ids_reassigned: 0
2026-09-06 22:29:18.628: [INFO] BookmarksLoadDropped droppedNodes=0
2026-09-06 22:29:18.628: [INFO] BookmarksSnapshot Startup total=0 bar=0 other=0 mobile=0 showBar=0 showBarNTP=1
2026-09-06 22:31:20.353: [INFO] BookmarksSnapshot Shutdown total=0 bar=0 other=0 mobile=0 showBar=0 showBarNTP=1
2026-09-06 23:53:56.344: [INFO] CurrentProfilePath: C:\Users\coltm\OneDrive\Desktop\agapp\bin\Release\net8.0-windows\AgApp.exe.WebView2\EBWebView\Default
2026-09-06 23:53:56.344: [INFO] Profiles total count: 1
2026-09-06 23:53:56.345: [INFO] Profile: name=Profile 1 path=C:\Users\coltm\OneDrive\Desktop\agapp\bin\Release\net8.0-windows\AgApp.exe.WebView2\EBWebView\Default lastActive=2026-09-06T22:30:51.421Z
2026-09-06 23:53:56.345: [INFO] LastUsedProfileDir: C:\Users\coltm\OneDrive\Desktop\agapp\bin\Release\net8.0-windows\AgApp.exe.WebView2\EBWebView\Default
2026-09-06 23:53:56.345: [INFO] MostRecentlyActiveProfile: name=Profile 1 path=C:\Users\coltm\OneDrive\Desktop\agapp\bin\Release\net8.0-windows\AgApp.exe.WebView2\EBWebView\Default lastActive=2026-09-06T22:30:51.421Z
2026-09-06 23:53:56.345: [INFO] OnDoneLoading sync enabled: 0
2026-09-06 23:53:56.345: [INFO] BookmarkModelLoaded, ids_reassigned: 0
2026-09-06 23:53:56.345: [INFO] BookmarksLoadDropped droppedNodes=0
2026-09-06 23:53:56.345: [INFO] BookmarksSnapshot Startup total=0 bar=0 other=0 mobile=0 showBar=0 showBarNTP=1
2026-09-06 23:59:13.474: [INFO] BookmarksSnapshot Shutdown total=0 bar=0 other=0 mobile=0 showBar=0 showBarNTP=1
2026-09-07 00:04:24.354: [INFO] CurrentProfilePath: C:\Users\coltm\OneDrive\Desktop\agapp\bin\Release\net8.0-windows\AgApp.exe.WebView2\EBWebView\Default
2026-09-07 00:04:24.354: [INFO] Profiles total count: 1
2026-09-07 00:04:24.354: [INFO] Profile: name=Profile 1 path=C:\Users\coltm\OneDrive\Desktop\agapp\bin\Release\net8.0-windows\AgApp.exe.WebView2\EBWebView\Default lastActive=2026-09-06T22:30:51.421Z
2026-09-07 00:04:24.354: [INFO] LastUsedProfileDir: C:\Users\coltm\OneDrive\Desktop\agapp\bin\Release\net8.0-windows\AgApp.exe.WebView2\EBWebView\Default
2026-09-07 00:04:24.354: [INFO] MostRecentlyActiveProfile: name=Profile 1 path=C:\Users\coltm\OneDrive\Desktop\agapp\bin\Release\net8.0-windows\AgApp.exe.WebView2\EBWebView\Default lastActive=2026-09-06T22:30:51.421Z
2026-09-07 00:04:24.354: [INFO] OnDoneLoading sync enabled: 0
2026-09-07 00:04:24.354: [INFO] BookmarkModelLoaded, ids_reassigned: 0
2026-09-07 00:04:24.354: [INFO] BookmarksLoadDropped droppedNodes=0
2026-09-07 00:04:24.354: [INFO] BookmarksSnapshot Startup total=0 bar=0 other=0 mobile=0 showBar=0 showBarNTP=1
2026-09-07 01:01:00.878: [INFO] BookmarksSnapshot Shutdown total=0 bar=0 other=0 mobile=0 showBar=0 showBarNTP=1
